[2026-06-02 23:35:40] TIP=SIMPLU QUERY="asta" REZULTATE=0
[2026-06-02 23:35:46] TIP=SIMPLU QUERY="c++" REZULTATE=1 (doc2.txt)
[2026-06-02 23:36:22] TIP=OR QUERY="c++ ai" REZULTATE=1 (doc2.txt)
[2026-06-02 23:36:27] TIP=OR QUERY="aiofdja" REZULTATE=0
[2026-06-02 23:39:15] TIP=SIMPLU QUERY="linux c++" REZULTATE=1 (doc1.txt)
[2026-06-02 23:42:06] TIP=OR QUERY="asd" REZULTATE=0
[2026-06-02 23:42:10] TIP=OR QUERY="c++ linux" REZULTATE=2 (doc1.txt, doc2.txt)
[2026-06-02 23:42:16] TIP=SIMPLU QUERY="c++ linux" REZULTATE=1 (doc2.txt)
[2026-06-02 23:42:45] TIP=SIMPLU QUERY="linux programare" REZULTATE=1 (doc1.txt)
[2026-06-02 23:47:47] TIP=SIMPLU QUERY="al" REZULTATE=0
[2026-06-02 23:47:53] TIP=SIMPLU QUERY="astfel as" REZULTATE=0
[2026-06-02 23:48:26] TIP=AND QUERY="c++ programare" REZULTATE=0
[2026-06-02 23:48:52] TIP=AND QUERY="c++ puternica" REZULTATE=1 (doc2.txt)
[2026-06-02 23:49:21] TIP=AND QUERY="c++ puternica" REZULTATE=0
[2026-06-02 23:49:23] TIP=SIMPLU QUERY="c++" REZULTATE=1 (doc2.txt)
[2026-06-02 23:49:26] TIP=SIMPLU QUERY="puternica" REZULTATE=0
[2026-06-02 23:51:03] TIP=AND QUERY="c++ puternica" REZULTATE=1 (doc3.txt)
[2026-06-03 00:57:09] TIP=SIMPLU QUERY="aster" REZULTATE=0
[2026-06-03 00:59:42] TIP=AND QUERY="linux programare" REZULTATE=0
[2026-06-03 01:00:05] TIP=AND QUERY="linux programare" REZULTATE=0
[2026-06-03 01:00:29] TIP=AND QUERY="linux programare" REZULTATE=1 (doc1.txt)
[2026-06-03 01:03:35] TIP=OR QUERY="linux programare" REZULTATE=1 (doc1.txt)
[2026-06-03 01:03:55] TIP=OR QUERY="linux programarea" REZULTATE=3 (doc1.txt, doc2.txt, doc3.txt)
[2026-06-03 01:05:27] TIP=SIMPLU QUERY="programarea" REZULTATE=2 (doc2.txt, doc3.txt)
[2026-06-03 01:20:26] TIP=SIMPLU QUERY="programare" REZULTATE=1 (doc1.txt)
[2026-06-03 01:20:32] TIP=AND QUERY="programare" REZULTATE=1 (doc1.txt)
[2026-06-03 01:36:25] TIP=SIMPLU QUERY="document" REZULTATE=0
[2026-06-03 01:42:26] TIP=SIMPLU QUERY="sahara" REZULTATE=1 (geografie.txt)
[2026-06-03 13:30:53] TIP=SIMPLU QUERY="lume" REZULTATE=2 (geografie.txt, programare.txt)
